// Jest Snapshot v1, https://goo.gl/fbAQLP

exports[`cheats Component renders component successfully 1`] = `
ShallowWrapper {
  Symbol(enzyme.__root__): [Circular],
  Symbol(enzyme.__unrendered__): <Categories
    categories={
      Array [
        Object {
          "name": "sddsf",
        },
        Object {
          "name": "sdfdss",
        },
      ]
    }
    categoryId="12345"
    cheatModalShow={[MockFunction]}
    deleteCategory={[MockFunction]}
    deleteCheat={[MockFunction]}
    onCopy={[MockFunction]}
    onShow={[MockFunction]}
    search=""
    userId="1234"
  />,
  Symbol(enzyme.__renderer__): Object {
    "batchedUpdates": [Function],
    "getNode": [Function],
    "render": [Function],
    "simulateError": [Function],
    "simulateEvent": [Function],
    "unmount": [Function],
  },
  Symbol(enzyme.__node__): Object {
    "instance": null,
    "key": undefined,
    "nodeType": "host",
    "props": Object {
      "children": Array [
        <CategoryCard
          cheatModalShow={[MockFunction]}
          cheats={
            Object {
              "name": "sddsf",
            }
          }
          deleteCategory={[MockFunction]}
          deleteCheat={[MockFunction]}
          onCopy={[MockFunction]}
          onShow={[MockFunction]}
          search=""
          userId="1234"
        />,
        <CategoryCard
          cheatModalShow={[MockFunction]}
          cheats={
            Object {
              "name": "sdfdss",
            }
          }
          deleteCategory={[MockFunction]}
          deleteCheat={[MockFunction]}
          onCopy={[MockFunction]}
          onShow={[MockFunction]}
          search=""
          userId="1234"
        />,
      ],
      "className": "cards-container",
    },
    "ref": null,
    "rendered": Array [
      Object {
        "instance": null,
        "key": undefined,
        "nodeType": "function",
        "props": Object {
          "categoryId": undefined,
          "cheatModalShow": [MockFunction],
          "cheats": Object {
            "name": "sddsf",
          },
          "deleteCategory": [MockFunction],
          "deleteCheat": [MockFunction],
          "onCopy": [MockFunction],
          "onShow": [MockFunction],
          "search": "",
          "userId": "1234",
        },
        "ref": null,
        "rendered": null,
        "type": [Function],
      },
      Object {
        "instance": null,
        "key": undefined,
        "nodeType": "function",
        "props": Object {
          "categoryId": undefined,
          "cheatModalShow": [MockFunction],
          "cheats": Object {
            "name": "sdfdss",
          },
          "deleteCategory": [MockFunction],
          "deleteCheat": [MockFunction],
          "onCopy": [MockFunction],
          "onShow": [MockFunction],
          "search": "",
          "userId": "1234",
        },
        "ref": null,
        "rendered": null,
        "type": [Function],
      },
    ],
    "type": "div",
  },
  Symbol(enzyme.__nodes__): Array [
    Object {
      "instance": null,
      "key": undefined,
      "nodeType": "host",
      "props": Object {
        "children": Array [
          <CategoryCard
            cheatModalShow={[MockFunction]}
            cheats={
              Object {
                "name": "sddsf",
              }
            }
            deleteCategory={[MockFunction]}
            deleteCheat={[MockFunction]}
            onCopy={[MockFunction]}
            onShow={[MockFunction]}
            search=""
            userId="1234"
          />,
          <CategoryCard
            cheatModalShow={[MockFunction]}
            cheats={
              Object {
                "name": "sdfdss",
              }
            }
            deleteCategory={[MockFunction]}
            deleteCheat={[MockFunction]}
            onCopy={[MockFunction]}
            onShow={[MockFunction]}
            search=""
            userId="1234"
          />,
        ],
        "className": "cards-container",
      },
      "ref": null,
      "rendered": Array [
        Object {
          "instance": null,
          "key": undefined,
          "nodeType": "function",
          "props": Object {
            "categoryId": undefined,
            "cheatModalShow": [MockFunction],
            "cheats": Object {
              "name": "sddsf",
            },
            "deleteCategory": [MockFunction],
            "deleteCheat": [MockFunction],
            "onCopy": [MockFunction],
            "onShow": [MockFunction],
            "search": "",
            "userId": "1234",
          },
          "ref": null,
          "rendered": null,
          "type": [Function],
        },
        Object {
          "instance": null,
          "key": undefined,
          "nodeType": "function",
          "props": Object {
            "categoryId": undefined,
            "cheatModalShow": [MockFunction],
            "cheats": Object {
              "name": "sdfdss",
            },
            "deleteCategory": [MockFunction],
            "deleteCheat": [MockFunction],
            "onCopy": [MockFunction],
            "onShow": [MockFunction],
            "search": "",
            "userId": "1234",
          },
          "ref": null,
          "rendered": null,
          "type": [Function],
        },
      ],
      "type": "div",
    },
  ],
  Symbol(enzyme.__options__): Object {
    "adapter": ReactSixteenAdapter {
      "options": Object {
        "enableComponentDidUpdateOnSetState": true,
        "lifecycles": Object {
          "componentDidUpdate": Object {
            "onSetState": true,
          },
          "getDerivedStateFromProps": true,
          "getSnapshotBeforeUpdate": true,
          "setState": Object {
            "skipsComponentDidUpdateOnNullish": true,
          },
        },
      },
    },
  },
}
`;
