// Jest Snapshot v1, https://goo.gl/fbAQLP

exports[`cheats Component renders component successfully 1`] = `
ShallowWrapper {
  Symbol(enzyme.__root__): [Circular],
  Symbol(enzyme.__unrendered__): <Cheats
    categoryId=""
    cheat={
      Object {
        "userId": "1234",
      }
    }
    deleteCheat={[MockFunction]}
    onCopy={[MockFunction]}
    userId="1234"
  />,
  Symbol(enzyme.__renderer__): Object {
    "batchedUpdates": [Function],
    "getNode": [Function],
    "render": [Function],
    "simulateError": [Function],
    "simulateEvent": [Function],
    "unmount": [Function],
  },
  Symbol(enzyme.__node__): Object {
    "instance": null,
    "key": undefined,
    "nodeType": "host",
    "props": Object {
      "children": <div>
        <h5
          className="white-text"
        >
          <button
            className="btn-sm btn-danger pull-right"
            onClick={[Function]}
          >
            X
          </button>
        </h5>
        <OverlayTrigger
          defaultOverlayShown={false}
          overlay={
            <Tooltip
              bsClass="tooltip"
              id="tooltip"
              placement="right"
            >
              <strong>
                Click to Copy
              </strong>
              .
            </Tooltip>
          }
          placement="bottom"
          trigger={
            Array [
              "hover",
              "focus",
            ]
          }
        >
          <h6
            bsStyle="default"
            className="white-text onCopy"
            onClick={[Function]}
          >
            $ 
          </h6>
        </OverlayTrigger>
        <br />
      </div>,
    },
    "ref": null,
    "rendered": Object {
      "instance": null,
      "key": undefined,
      "nodeType": "host",
      "props": Object {
        "children": Array [
          <h5
            className="white-text"
          >
            <button
              className="btn-sm btn-danger pull-right"
              onClick={[Function]}
            >
              X
            </button>
          </h5>,
          <OverlayTrigger
            defaultOverlayShown={false}
            overlay={
              <Tooltip
                bsClass="tooltip"
                id="tooltip"
                placement="right"
              >
                <strong>
                  Click to Copy
                </strong>
                .
              </Tooltip>
            }
            placement="bottom"
            trigger={
              Array [
                "hover",
                "focus",
              ]
            }
          >
            <h6
              bsStyle="default"
              className="white-text onCopy"
              onClick={[Function]}
            >
              $ 
            </h6>
          </OverlayTrigger>,
          <br />,
        ],
      },
      "ref": null,
      "rendered": Array [
        Object {
          "instance": null,
          "key": undefined,
          "nodeType": "host",
          "props": Object {
            "children": Array [
              undefined,
              <button
                className="btn-sm btn-danger pull-right"
                onClick={[Function]}
              >
                X
              </button>,
            ],
            "className": "white-text",
          },
          "ref": null,
          "rendered": Array [
            undefined,
            Object {
              "instance": null,
              "key": undefined,
              "nodeType": "host",
              "props": Object {
                "children": "X",
                "className": "btn-sm btn-danger pull-right",
                "onClick": [Function],
              },
              "ref": null,
              "rendered": "X",
              "type": "button",
            },
          ],
          "type": "h5",
        },
        Object {
          "instance": null,
          "key": undefined,
          "nodeType": "class",
          "props": Object {
            "children": <h6
              bsStyle="default"
              className="white-text onCopy"
              onClick={[Function]}
            >
              $ 
            </h6>,
            "defaultOverlayShown": false,
            "overlay": <Tooltip
              bsClass="tooltip"
              id="tooltip"
              placement="right"
            >
              <strong>
                Click to Copy
              </strong>
              .
            </Tooltip>,
            "placement": "bottom",
            "trigger": Array [
              "hover",
              "focus",
            ],
          },
          "ref": null,
          "rendered": Object {
            "instance": null,
            "key": undefined,
            "nodeType": "host",
            "props": Object {
              "bsStyle": "default",
              "children": Array [
                "$ ",
                undefined,
              ],
              "className": "white-text onCopy",
              "onClick": [Function],
            },
            "ref": null,
            "rendered": Array [
              "$ ",
              undefined,
            ],
            "type": "h6",
          },
          "type": [Function],
        },
        Object {
          "instance": null,
          "key": undefined,
          "nodeType": "host",
          "props": Object {},
          "ref": null,
          "rendered": null,
          "type": "br",
        },
      ],
      "type": "div",
    },
    "type": "div",
  },
  Symbol(enzyme.__nodes__): Array [
    Object {
      "instance": null,
      "key": undefined,
      "nodeType": "host",
      "props": Object {
        "children": <div>
          <h5
            className="white-text"
          >
            <button
              className="btn-sm btn-danger pull-right"
              onClick={[Function]}
            >
              X
            </button>
          </h5>
          <OverlayTrigger
            defaultOverlayShown={false}
            overlay={
              <Tooltip
                bsClass="tooltip"
                id="tooltip"
                placement="right"
              >
                <strong>
                  Click to Copy
                </strong>
                .
              </Tooltip>
            }
            placement="bottom"
            trigger={
              Array [
                "hover",
                "focus",
              ]
            }
          >
            <h6
              bsStyle="default"
              className="white-text onCopy"
              onClick={[Function]}
            >
              $ 
            </h6>
          </OverlayTrigger>
          <br />
        </div>,
      },
      "ref": null,
      "rendered": Object {
        "instance": null,
        "key": undefined,
        "nodeType": "host",
        "props": Object {
          "children": Array [
            <h5
              className="white-text"
            >
              <button
                className="btn-sm btn-danger pull-right"
                onClick={[Function]}
              >
                X
              </button>
            </h5>,
            <OverlayTrigger
              defaultOverlayShown={false}
              overlay={
                <Tooltip
                  bsClass="tooltip"
                  id="tooltip"
                  placement="right"
                >
                  <strong>
                    Click to Copy
                  </strong>
                  .
                </Tooltip>
              }
              placement="bottom"
              trigger={
                Array [
                  "hover",
                  "focus",
                ]
              }
            >
              <h6
                bsStyle="default"
                className="white-text onCopy"
                onClick={[Function]}
              >
                $ 
              </h6>
            </OverlayTrigger>,
            <br />,
          ],
        },
        "ref": null,
        "rendered": Array [
          Object {
            "instance": null,
            "key": undefined,
            "nodeType": "host",
            "props": Object {
              "children": Array [
                undefined,
                <button
                  className="btn-sm btn-danger pull-right"
                  onClick={[Function]}
                >
                  X
                </button>,
              ],
              "className": "white-text",
            },
            "ref": null,
            "rendered": Array [
              undefined,
              Object {
                "instance": null,
                "key": undefined,
                "nodeType": "host",
                "props": Object {
                  "children": "X",
                  "className": "btn-sm btn-danger pull-right",
                  "onClick": [Function],
                },
                "ref": null,
                "rendered": "X",
                "type": "button",
              },
            ],
            "type": "h5",
          },
          Object {
            "instance": null,
            "key": undefined,
            "nodeType": "class",
            "props": Object {
              "children": <h6
                bsStyle="default"
                className="white-text onCopy"
                onClick={[Function]}
              >
                $ 
              </h6>,
              "defaultOverlayShown": false,
              "overlay": <Tooltip
                bsClass="tooltip"
                id="tooltip"
                placement="right"
              >
                <strong>
                  Click to Copy
                </strong>
                .
              </Tooltip>,
              "placement": "bottom",
              "trigger": Array [
                "hover",
                "focus",
              ],
            },
            "ref": null,
            "rendered": Object {
              "instance": null,
              "key": undefined,
              "nodeType": "host",
              "props": Object {
                "bsStyle": "default",
                "children": Array [
                  "$ ",
                  undefined,
                ],
                "className": "white-text onCopy",
                "onClick": [Function],
              },
              "ref": null,
              "rendered": Array [
                "$ ",
                undefined,
              ],
              "type": "h6",
            },
            "type": [Function],
          },
          Object {
            "instance": null,
            "key": undefined,
            "nodeType": "host",
            "props": Object {},
            "ref": null,
            "rendered": null,
            "type": "br",
          },
        ],
        "type": "div",
      },
      "type": "div",
    },
  ],
  Symbol(enzyme.__options__): Object {
    "adapter": ReactSixteenAdapter {
      "options": Object {
        "enableComponentDidUpdateOnSetState": true,
        "lifecycles": Object {
          "componentDidUpdate": Object {
            "onSetState": true,
          },
          "getDerivedStateFromProps": true,
          "getSnapshotBeforeUpdate": true,
          "setState": Object {
            "skipsComponentDidUpdateOnNullish": true,
          },
        },
      },
    },
  },
}
`;
