// Jest Snapshot v1, https://goo.gl/fbAQLP

exports[`cheats Component renders component successfully 1`] = `
ShallowWrapper {
  Symbol(enzyme.__root__): [Circular],
  Symbol(enzyme.__unrendered__): <SearchBar
    updateSearch={[MockFunction]}
  />,
  Symbol(enzyme.__renderer__): Object {
    "batchedUpdates": [Function],
    "getNode": [Function],
    "render": [Function],
    "simulateError": [Function],
    "simulateEvent": [Function],
    "unmount": [Function],
  },
  Symbol(enzyme.__node__): Object {
    "instance": null,
    "key": undefined,
    "nodeType": "host",
    "props": Object {
      "children": Array [
        <br />,
        <div
          className="row justify-content-center"
          style={
            Object {
              "float": "none",
              "margin": "auto 33%",
              "width": "50%",
            }
          }
        >
          <div
            className="col-12 col-md-10 col-lg-8"
          >
            <form
              className="card card-sm"
            >
              <div
                className="card-body row no-gutters align-items-center"
              >
                <div
                  className="col-auto"
                />
                <div
                  className="col"
                >
                  <input
                    className="form-control form-control-lg form-control-borderless fa"
                    name="search"
                    onChange={[Function]}
                    placeholder=" THE AWESOME GIT CHEAT SHEET"
                    type="search"
                  />
                </div>
              </div>
            </form>
          </div>
        </div>,
      ],
      "className": "container",
    },
    "ref": null,
    "rendered": Array [
      Object {
        "instance": null,
        "key": undefined,
        "nodeType": "host",
        "props": Object {},
        "ref": null,
        "rendered": null,
        "type": "br",
      },
      Object {
        "instance": null,
        "key": undefined,
        "nodeType": "host",
        "props": Object {
          "children": <div
            className="col-12 col-md-10 col-lg-8"
          >
            <form
              className="card card-sm"
            >
              <div
                className="card-body row no-gutters align-items-center"
              >
                <div
                  className="col-auto"
                />
                <div
                  className="col"
                >
                  <input
                    className="form-control form-control-lg form-control-borderless fa"
                    name="search"
                    onChange={[Function]}
                    placeholder=" THE AWESOME GIT CHEAT SHEET"
                    type="search"
                  />
                </div>
              </div>
            </form>
          </div>,
          "className": "row justify-content-center",
          "style": Object {
            "float": "none",
            "margin": "auto 33%",
            "width": "50%",
          },
        },
        "ref": null,
        "rendered": Object {
          "instance": null,
          "key": undefined,
          "nodeType": "host",
          "props": Object {
            "children": <form
              className="card card-sm"
            >
              <div
                className="card-body row no-gutters align-items-center"
              >
                <div
                  className="col-auto"
                />
                <div
                  className="col"
                >
                  <input
                    className="form-control form-control-lg form-control-borderless fa"
                    name="search"
                    onChange={[Function]}
                    placeholder=" THE AWESOME GIT CHEAT SHEET"
                    type="search"
                  />
                </div>
              </div>
            </form>,
            "className": "col-12 col-md-10 col-lg-8",
          },
          "ref": null,
          "rendered": Object {
            "instance": null,
            "key": undefined,
            "nodeType": "host",
            "props": Object {
              "children": <div
                className="card-body row no-gutters align-items-center"
              >
                <div
                  className="col-auto"
                />
                <div
                  className="col"
                >
                  <input
                    className="form-control form-control-lg form-control-borderless fa"
                    name="search"
                    onChange={[Function]}
                    placeholder=" THE AWESOME GIT CHEAT SHEET"
                    type="search"
                  />
                </div>
              </div>,
              "className": "card card-sm",
            },
            "ref": null,
            "rendered": Object {
              "instance": null,
              "key": undefined,
              "nodeType": "host",
              "props": Object {
                "children": Array [
                  <div
                    className="col-auto"
                  />,
                  <div
                    className="col"
                  >
                    <input
                      className="form-control form-control-lg form-control-borderless fa"
                      name="search"
                      onChange={[Function]}
                      placeholder=" THE AWESOME GIT CHEAT SHEET"
                      type="search"
                    />
                  </div>,
                ],
                "className": "card-body row no-gutters align-items-center",
              },
              "ref": null,
              "rendered": Array [
                Object {
                  "instance": null,
                  "key": undefined,
                  "nodeType": "host",
                  "props": Object {
                    "className": "col-auto",
                  },
                  "ref": null,
                  "rendered": null,
                  "type": "div",
                },
                Object {
                  "instance": null,
                  "key": undefined,
                  "nodeType": "host",
                  "props": Object {
                    "children": <input
                      className="form-control form-control-lg form-control-borderless fa"
                      name="search"
                      onChange={[Function]}
                      placeholder=" THE AWESOME GIT CHEAT SHEET"
                      type="search"
                    />,
                    "className": "col",
                  },
                  "ref": null,
                  "rendered": Object {
                    "instance": null,
                    "key": undefined,
                    "nodeType": "host",
                    "props": Object {
                      "className": "form-control form-control-lg form-control-borderless fa",
                      "name": "search",
                      "onChange": [Function],
                      "placeholder": " THE AWESOME GIT CHEAT SHEET",
                      "type": "search",
                    },
                    "ref": null,
                    "rendered": null,
                    "type": "input",
                  },
                  "type": "div",
                },
              ],
              "type": "div",
            },
            "type": "form",
          },
          "type": "div",
        },
        "type": "div",
      },
    ],
    "type": "div",
  },
  Symbol(enzyme.__nodes__): Array [
    Object {
      "instance": null,
      "key": undefined,
      "nodeType": "host",
      "props": Object {
        "children": Array [
          <br />,
          <div
            className="row justify-content-center"
            style={
              Object {
                "float": "none",
                "margin": "auto 33%",
                "width": "50%",
              }
            }
          >
            <div
              className="col-12 col-md-10 col-lg-8"
            >
              <form
                className="card card-sm"
              >
                <div
                  className="card-body row no-gutters align-items-center"
                >
                  <div
                    className="col-auto"
                  />
                  <div
                    className="col"
                  >
                    <input
                      className="form-control form-control-lg form-control-borderless fa"
                      name="search"
                      onChange={[Function]}
                      placeholder=" THE AWESOME GIT CHEAT SHEET"
                      type="search"
                    />
                  </div>
                </div>
              </form>
            </div>
          </div>,
        ],
        "className": "container",
      },
      "ref": null,
      "rendered": Array [
        Object {
          "instance": null,
          "key": undefined,
          "nodeType": "host",
          "props": Object {},
          "ref": null,
          "rendered": null,
          "type": "br",
        },
        Object {
          "instance": null,
          "key": undefined,
          "nodeType": "host",
          "props": Object {
            "children": <div
              className="col-12 col-md-10 col-lg-8"
            >
              <form
                className="card card-sm"
              >
                <div
                  className="card-body row no-gutters align-items-center"
                >
                  <div
                    className="col-auto"
                  />
                  <div
                    className="col"
                  >
                    <input
                      className="form-control form-control-lg form-control-borderless fa"
                      name="search"
                      onChange={[Function]}
                      placeholder=" THE AWESOME GIT CHEAT SHEET"
                      type="search"
                    />
                  </div>
                </div>
              </form>
            </div>,
            "className": "row justify-content-center",
            "style": Object {
              "float": "none",
              "margin": "auto 33%",
              "width": "50%",
            },
          },
          "ref": null,
          "rendered": Object {
            "instance": null,
            "key": undefined,
            "nodeType": "host",
            "props": Object {
              "children": <form
                className="card card-sm"
              >
                <div
                  className="card-body row no-gutters align-items-center"
                >
                  <div
                    className="col-auto"
                  />
                  <div
                    className="col"
                  >
                    <input
                      className="form-control form-control-lg form-control-borderless fa"
                      name="search"
                      onChange={[Function]}
                      placeholder=" THE AWESOME GIT CHEAT SHEET"
                      type="search"
                    />
                  </div>
                </div>
              </form>,
              "className": "col-12 col-md-10 col-lg-8",
            },
            "ref": null,
            "rendered": Object {
              "instance": null,
              "key": undefined,
              "nodeType": "host",
              "props": Object {
                "children": <div
                  className="card-body row no-gutters align-items-center"
                >
                  <div
                    className="col-auto"
                  />
                  <div
                    className="col"
                  >
                    <input
                      className="form-control form-control-lg form-control-borderless fa"
                      name="search"
                      onChange={[Function]}
                      placeholder=" THE AWESOME GIT CHEAT SHEET"
                      type="search"
                    />
                  </div>
                </div>,
                "className": "card card-sm",
              },
              "ref": null,
              "rendered": Object {
                "instance": null,
                "key": undefined,
                "nodeType": "host",
                "props": Object {
                  "children": Array [
                    <div
                      className="col-auto"
                    />,
                    <div
                      className="col"
                    >
                      <input
                        className="form-control form-control-lg form-control-borderless fa"
                        name="search"
                        onChange={[Function]}
                        placeholder=" THE AWESOME GIT CHEAT SHEET"
                        type="search"
                      />
                    </div>,
                  ],
                  "className": "card-body row no-gutters align-items-center",
                },
                "ref": null,
                "rendered": Array [
                  Object {
                    "instance": null,
                    "key": undefined,
                    "nodeType": "host",
                    "props": Object {
                      "className": "col-auto",
                    },
                    "ref": null,
                    "rendered": null,
                    "type": "div",
                  },
                  Object {
                    "instance": null,
                    "key": undefined,
                    "nodeType": "host",
                    "props": Object {
                      "children": <input
                        className="form-control form-control-lg form-control-borderless fa"
                        name="search"
                        onChange={[Function]}
                        placeholder=" THE AWESOME GIT CHEAT SHEET"
                        type="search"
                      />,
                      "className": "col",
                    },
                    "ref": null,
                    "rendered": Object {
                      "instance": null,
                      "key": undefined,
                      "nodeType": "host",
                      "props": Object {
                        "className": "form-control form-control-lg form-control-borderless fa",
                        "name": "search",
                        "onChange": [Function],
                        "placeholder": " THE AWESOME GIT CHEAT SHEET",
                        "type": "search",
                      },
                      "ref": null,
                      "rendered": null,
                      "type": "input",
                    },
                    "type": "div",
                  },
                ],
                "type": "div",
              },
              "type": "form",
            },
            "type": "div",
          },
          "type": "div",
        },
      ],
      "type": "div",
    },
  ],
  Symbol(enzyme.__options__): Object {
    "adapter": ReactSixteenAdapter {
      "options": Object {
        "enableComponentDidUpdateOnSetState": true,
        "lifecycles": Object {
          "componentDidUpdate": Object {
            "onSetState": true,
          },
          "getDerivedStateFromProps": true,
          "getSnapshotBeforeUpdate": true,
          "setState": Object {
            "skipsComponentDidUpdateOnNullish": true,
          },
        },
      },
    },
  },
}
`;
